Exception thrown: Array index out-of-bounds (index 25, limit 22)
  [0] array-out-of-bounds.sp::main, line 8
