Exception thrown: Integer overflow
  [0] divide-overflow.sp::main, line 6
