4, 3, 1
yams
whaaaaaat
97
4, 3, 1
yams
whaaaaaat
97
4, 3, 1
yams
whaaaaaat
97
