RoundToZero:
-2147399936.000000 => -2147399936
-2147400064.000000 => -2147400064
-3.600000 => -3
-3.500000 => -3
-3.000000 => -3
-2.500000 => -2
-2.000000 => -2
-1.500000 => -1
-1.000000 => -1
-0.500000 => 0
0.000000 => 0
0.300000 => 0
0.500000 => 0
0.700000 => 0
1.000000 => 1
1.500000 => 1
2.000000 => 2
2.500000 => 2
3.000000 => 3
3.500000 => 3
3.600000 => 3
2147399936.000000 => 2147399936
2147400064.000000 => 2147400064
RoundToCeil:
-2147399936.000000 => -2147399936
-2147400064.000000 => -2147400064
-3.600000 => -3
-3.500000 => -3
-3.000000 => -3
-2.500000 => -2
-2.000000 => -2
-1.500000 => -1
-1.000000 => -1
-0.500000 => 0
0.000000 => 0
0.300000 => 1
0.500000 => 1
0.700000 => 1
1.000000 => 1
1.500000 => 2
2.000000 => 2
2.500000 => 3
3.000000 => 3
3.500000 => 4
3.600000 => 4
2147399936.000000 => 2147399936
2147400064.000000 => 2147400064
RoundToFloor:
-2147399936.000000 => -2147399936
-2147400064.000000 => -2147400064
-3.600000 => -4
-3.500000 => -4
-3.000000 => -3
-2.500000 => -3
-2.000000 => -2
-1.500000 => -2
-1.000000 => -1
-0.500000 => -1
0.000000 => 0
0.300000 => 0
0.500000 => 0
0.700000 => 0
1.000000 => 1
1.500000 => 1
2.000000 => 2
2.500000 => 2
3.000000 => 3
3.500000 => 3
3.600000 => 3
2147399936.000000 => 2147399936
2147400064.000000 => 2147400064
RoundToNearest:
-2147399936.000000 => -2147399936
-2147400064.000000 => -2147400064
-3.600000 => -4
-3.500000 => -4
-3.000000 => -3
-2.500000 => -2
-2.000000 => -2
-1.500000 => -2
-1.000000 => -1
-0.500000 => 0
0.000000 => 0
0.300000 => 0
0.500000 => 0
0.700000 => 1
1.000000 => 1
1.500000 => 2
2.000000 => 2
2.500000 => 2
3.000000 => 3
3.500000 => 4
3.600000 => 4
2147399936.000000 => 2147399936
2147400064.000000 => 2147400064
