30
20
10
-20
300
1
3
10485760
1546135
4194303
-12
1073741812
120
0
1
45
44
42
1
0
0
0
0
1
1
0
1
