  [0] dump_stack_trace()
  [1] stack-trace-1.sp::main, line 5
