1
2
3
--
1
2
3
--
1065353216
1073741824
1077936128
--
1
2
3
--
